Component: ARM Compiler 5.06 update 2 (build 183) Tool: armlink [4d35b7]

==============================================================================

Section Cross References

    led.o(.text) refers to led.o(.constdata) for led_mask
    swt.o(.text) refers to swt.o(.constdata) for SWT_mask
    retarget.o(.rev16_text) refers (Special) to use_no_semi.o(.text) for __use_no_semihosting_swi
    retarget.o(.revsh_text) refers (Special) to use_no_semi.o(.text) for __use_no_semihosting_swi
    retarget.o(.rrx_text) refers (Special) to use_no_semi.o(.text) for __use_no_semihosting_swi
    retarget.o(.text) refers (Special) to use_no_semi.o(.text) for __use_no_semihosting_swi
    retarget.o(.data) refers (Special) to use_no_semi.o(.text) for __use_no_semihosting_swi
    serial.o(.text) refers to lludivv7m.o(.text) for __aeabi_uldivmod
    serial.o(.text) refers to serial.o(.data) for AHBdiv
    main.o(.text) refers to rt_memclr_w.o(.text) for __aeabi_memclr4
    main.o(.text) refers to system_stm32f4xx.o(.text) for SystemCoreClockUpdate
    main.o(.text) refers to led.o(.text) for LED_Init
    main.o(.text) refers to buttons.o(.text) for BTN_Init
    main.o(.text) refers to swt.o(.text) for SWT_Init
    main.o(.text) refers to breadboard.o(.text) for J6_Init
    main.o(.text) refers to serial.o(.text) for serial_init
    main.o(.text) refers to lcd_driver.o(.text) for lcd_init
    main.o(.text) refers to voltage.o(.text) for Measure_Voltage
    main.o(.text) refers to resistance.o(.text) for Measure_Resistance_Continuity
    main.o(.text) refers to current.o(.text) for Measure_Current
    main.o(.text) refers to light.o(.text) for Measure_Light
    main.o(.text) refers to transistor.o(.text) for Test_Transistor
    main.o(.text) refers to capacitance.o(.text) for measure_capacitance
    main.o(.text) refers to frequency.o(.text) for measure_frequency
    main.o(.text) refers to logic.o(.text) for test_logic
    main.o(.text) refers to main.o(.data) for msTicks
    main.o(.text) refers to system_stm32f4xx.o(.data) for SystemCoreClock
    voltage.o(.text) refers to _printf_percent.o(.ARM.Collect$$_printf_percent$$00000000) for _printf_percent
    voltage.o(.text) refers to _printf_f.o(.ARM.Collect$$_printf_percent$$00000003) for _printf_f
    voltage.o(.text) refers to printf1.o(x$fpl$printf1) for _printf_fp_dec
    voltage.o(.text) refers to _printf_s.o(.ARM.Collect$$_printf_percent$$00000014) for _printf_s
    voltage.o(.text) refers to _printf_str.o(.text) for _printf_str
    voltage.o(.text) refers to _printf_c.o(.ARM.Collect$$_printf_percent$$00000013) for _printf_c
    voltage.o(.text) refers to dleqf.o(x$fpl$dleqf) for __aeabi_cdcmple
    voltage.o(.text) refers to drleqf.o(x$fpl$drleqf) for __aeabi_cdrcmple
    voltage.o(.text) refers to dmul.o(x$fpl$dmul) for __aeabi_dmul
    voltage.o(.text) refers to ddiv.o(x$fpl$ddiv) for __aeabi_ddiv
    voltage.o(.text) refers to basic.o(x$fpl$basic) for __aeabi_dneg
    voltage.o(.text) refers to noretval__2sprintf.o(.text) for __2sprintf
    voltage.o(.text) refers to strcat.o(.text) for strcat
    voltage.o(.text) refers to noretval__2printf.o(.text) for __2printf
    voltage.o(.text) refers to pow.o(i.__hardfp_pow) for __hardfp_pow
    voltage.o(.text) refers to lcd_driver.o(.text) for lcd_write_string
    voltage.o(.text) refers to daddsub_clz.o(x$fpl$dadd) for __aeabi_dadd
    voltage.o(.text) refers to fabs.o(i.__hardfp_fabs) for __hardfp_fabs
    voltage.o(.text) refers to breadboard.o(.text) for read_ADC1
    voltage.o(.text) refers to dflt_clz.o(x$fpl$dfltu) for __aeabi_ui2d
    voltage.o(.text) refers to daddsub_clz.o(x$fpl$dsub) for __aeabi_dsub
    voltage.o(.text) refers to main.o(.text) for Delay
    voltage.o(.text) refers to log.o(i.__hardfp_log) for __hardfp_log
    lcd_buffer.o(.text) refers to h1_free.o(.text) for free
    lcd_buffer.o(.text) refers to lcd_buffer.o(.bss) for unmalloc_buffer
    lcd_driver.o(.text) refers to lcd_buffer.o(.text) for buffer_empty
    lcd_driver.o(.text) refers to lcd_driver.o(.bss) for lcd_commandBuffer
    lcd_driver.o(.text) refers to lcd_driver.o(.data) for stage
    resistance.o(.text) refers to _printf_percent.o(.ARM.Collect$$_printf_percent$$00000000) for _printf_percent
    resistance.o(.text) refers to _printf_f.o(.ARM.Collect$$_printf_percent$$00000003) for _printf_f
    resistance.o(.text) refers to printf1.o(x$fpl$printf1) for _printf_fp_dec
    resistance.o(.text) refers to _printf_s.o(.ARM.Collect$$_printf_percent$$00000014) for _printf_s
    resistance.o(.text) refers to _printf_str.o(.text) for _printf_str
    resistance.o(.text) refers to _printf_c.o(.ARM.Collect$$_printf_percent$$00000013) for _printf_c
    resistance.o(.text) refers to dleqf.o(x$fpl$dleqf) for __aeabi_cdcmple
    resistance.o(.text) refers to pow.o(i.__hardfp_pow) for __hardfp_pow
    resistance.o(.text) refers to dmul.o(x$fpl$dmul) for __aeabi_dmul
    resistance.o(.text) refers to drleqf.o(x$fpl$drleqf) for __aeabi_cdrcmple
[...]
    ../fplib/dmul.s                          0x00000000   Number         0  dmul.o ABSOLUTE
    ../fplib/dnaninf.s                       0x00000000   Number         0  dnaninf.o ABSOLUTE
    ../fplib/dretinf.s                       0x00000000   Number         0  dretinf.o ABSOLUTE
    ../fplib/drleqf.s                        0x00000000   Number         0  drleqf.o ABSOLUTE
    ../fplib/dsqrt.s                         0x00000000   Number         0  dsqrt_umaal.o ABSOLUTE
    ../fplib/fpinit.s                        0x00000000   Number         0  fpinit.o ABSOLUTE
    ../fplib/istatus.s                       0x00000000   Number         0  istatus.o ABSOLUTE
    ../fplib/printf1.s                       0x00000000   Number         0  printf1.o ABSOLUTE
    ../fplib/retnan.s                        0x00000000   Number         0  retnan.o ABSOLUTE
    ../fplib/scalbn.s                        0x00000000   Number         0  scalbn.o ABSOLUTE
    ../fplib/trapv.s                         0x00000000   Number         0  trapv.o ABSOLUTE
    ../fplib/usenofp.s                       0x00000000   Number         0  usenofp.o ABSOLUTE
    ../mathlib/dunder.c                      0x00000000   Number         0  dunder.o ABSOLUTE
    ../mathlib/fabs.c                        0x00000000   Number         0  fabs.o ABSOLUTE
    ../mathlib/fpclassify.c                  0x00000000   Number         0  fpclassify.o ABSOLUTE
    ../mathlib/log.c                         0x00000000   Number         0  log_x.o ABSOLUTE
    ../mathlib/log.c                         0x00000000   Number         0  log.o ABSOLUTE
    ../mathlib/log10.c                       0x00000000   Number         0  log10_x.o ABSOLUTE
    ../mathlib/log10.c                       0x00000000   Number         0  log10.o ABSOLUTE
    ../mathlib/poly.c                        0x00000000   Number         0  poly.o ABSOLUTE
    ../mathlib/pow.c                         0x00000000   Number         0  pow.o ABSOLUTE
    ../mathlib/pow.c                         0x00000000   Number         0  pow_x.o ABSOLUTE
    ../mathlib/qnan.c                        0x00000000   Number         0  qnan.o ABSOLUTE
    ../mathlib/sqrt.c                        0x00000000   Number         0  sqrt_x.o ABSOLUTE
    ../mathlib/sqrt.c                        0x00000000   Number         0  sqrt.o ABSOLUTE
    Breadboard.c                             0x00000000   Number         0  breadboard.o ABSOLUTE
    Breadboard.c                             0x00000000   Number         0  breadboard.o ABSOLUTE
    Buttons.c                                0x00000000   Number         0  buttons.o ABSOLUTE
    Buttons.c                                0x00000000   Number         0  buttons.o ABSOLUTE
    Capacitance.c                            0x00000000   Number         0  capacitance.o ABSOLUTE
    Capacitance.c                            0x00000000   Number         0  capacitance.o ABSOLUTE
    Current.c                                0x00000000   Number         0  current.o ABSOLUTE
    Current.c                                0x00000000   Number         0  current.o ABSOLUTE
    Frequency.c                              0x00000000   Number         0  frequency.o ABSOLUTE
    Frequency.c                              0x00000000   Number         0  frequency.o ABSOLUTE
    LED.c                                    0x00000000   Number         0  led.o ABSOLUTE
    LED.c                                    0x00000000   Number         0  led.o ABSOLUTE
    Light.c                                  0x00000000   Number         0  light.o ABSOLUTE
    Light.c                                  0x00000000   Number         0  light.o ABSOLUTE
    Logic.c                                  0x00000000   Number         0  logic.o ABSOLUTE
    Logic.c                                  0x00000000   Number         0  logic.o ABSOLUTE
    Main.c                                   0x00000000   Number         0  main.o ABSOLUTE
    Main.c                                   0x00000000   Number         0  main.o ABSOLUTE
    RTE\Device\STM32F407VG\startup_stm32f407xx.s 0x00000000   Number         0  startup_stm32f407xx.o ABSOLUTE
    RTE\Device\STM32F407VG\system_stm32f4xx.c 0x00000000   Number         0  system_stm32f4xx.o ABSOLUTE
    RTE\\Device\\STM32F407VG\\system_stm32f4xx.c 0x00000000   Number         0  system_stm32f4xx.o ABSOLUTE
    Resistance.c                             0x00000000   Number         0  resistance.o ABSOLUTE
    Resistance.c                             0x00000000   Number         0  resistance.o ABSOLUTE
    SWT.c                                    0x00000000   Number         0  swt.o ABSOLUTE
    SWT.c                                    0x00000000   Number         0  swt.o ABSOLUTE
    Timer.c                                  0x00000000   Number         0  timer.o ABSOLUTE
    Timer.c                                  0x00000000   Number         0  timer.o ABSOLUTE
    Transistor.c                             0x00000000   Number         0  transistor.o ABSOLUTE
    Transistor.c                             0x00000000   Number         0  transistor.o ABSOLUTE
    Voltage.c                                0x00000000   Number         0  voltage.o ABSOLUTE
    Voltage.c                                0x00000000   Number         0  voltage.o ABSOLUTE
    dc.s                                     0x00000000   Number         0  dc.o ABSOLUTE
    lcd_buffer.c                             0x00000000   Number         0  lcd_buffer.o ABSOLUTE
    lcd_driver.c                             0x00000000   Number         0  lcd_driver.o ABSOLUTE
    lcd_driver.c                             0x00000000   Number         0  lcd_driver.o ABSOLUTE
    retarget.c                               0x00000000   Number         0  retarget.o ABSOLUTE
    retarget.c                               0x00000000   Number         0  retarget.o ABSOLUTE
    serial.c                                 0x00000000   Number         0  serial.o ABSOLUTE
    serial.c                                 0x00000000   Number         0  serial.o ABSOLUTE
    RESET                                    0x08000000   Section      392  startup_stm32f407xx.o(RESET)
    !!!main                                  0x08000188   Section        8  __main.o(!!!main)
    !!!scatter                               0x08000190   Section       52  __scatter.o(!!!scatter)
    !!handler_copy                           0x080001c4   Section       26  __scatter_copy.o(!!handler_copy)
    !!handler_zi                             0x080001e0   Section       28  __scatter_zi.o(!!handler_zi)
    .ARM.Collect$$_printf_percent$$00000000  0x080001fc   Section        0  _printf_percent.o(.ARM.Collect$$_printf_percent$$00000000)
    .ARM.Collect$$_printf_percent$$00000003  0x080001fc   Section        6  _printf_f.o(.ARM.Collect$$_printf_percent$$00000003)
    .ARM.Collect$$_printf_percent$$00000009  0x08000202   Section        6  _printf_d.o(.ARM.Collect$$_printf_percent$$00000009)
    .ARM.Collect$$_printf_percent$$00000013  0x08000208   Section        6  _printf_c.o(.ARM.Collect$$_printf_percent$$00000013)
    .ARM.Collect$$_printf_percent$$00000014  0x0800020e   Section        6  _printf_s.o(.ARM.Collect$$_printf_percent$$00000014)
    .ARM.Collect$$_printf_percent$$00000017  0x08000214   Section        4  _printf_percent_end.o(.ARM.Collect$$_printf_percent$$00000017)
    .ARM.Collect$$libinit$$00000000          0x08000218   Section        2  libinit.o(.ARM.Collect$$libinit$$00000000)
    .ARM.Collect$$libinit$$00000001          0x0800021a   Section        4  libinit2.o(.ARM.Collect$$libinit$$00000001)
    .ARM.Collect$$libinit$$00000004          0x0800021e   Section        0  libinit2.o(.ARM.Collect$$libinit$$00000004)
    .ARM.Collect$$libinit$$0000000A          0x0800021e   Section        0  libinit2.o(.ARM.Collect$$libinit$$0000000A)
    .ARM.Collect$$libinit$$0000000C          0x0800021e   Section        0  libinit2.o(.ARM.Collect$$libinit$$0000000C)
    .ARM.Collect$$libinit$$0000000E          0x0800021e   Section        0  libinit2.o(.ARM.Collect$$libinit$$0000000E)
    .ARM.Collect$$libinit$$0000000F          0x0800021e   Section        6  libinit2.o(.ARM.Collect$$libinit$$0000000F)
    .ARM.Collect$$libinit$$00000011          0x08000224   Section        0  libinit2.o(.ARM.Collect$$libinit$$00000011)
    .ARM.Collect$$libinit$$00000013          0x08000224   Section        0  libinit2.o(.ARM.Collect$$libinit$$00000013)
    .ARM.Collect$$libinit$$00000015          0x08000224   Section        0  libinit2.o(.ARM.Collect$$libinit$$00000015)
    .ARM.Collect$$libinit$$00000016          0x08000224   Section       10  libinit2.o(.ARM.Collect$$libinit$$00000016)
    .ARM.Collect$$libinit$$00000017          0x0800022e   Section        0  libinit2.o(.ARM.Collect$$libinit$$00000017)
    .ARM.Collect$$libinit$$00000019          0x0800022e   Section        0  libinit2.o(.ARM.Collect$$libinit$$00000019)
    .ARM.Collect$$libinit$$0000001B          0x0800022e   Section        0  libinit2.o(.ARM.Collect$$libinit$$0000001B)
    .ARM.Collect$$libinit$$0000001D          0x0800022e   Section        0  libinit2.o(.ARM.Collect$$libinit$$0000001D)
    .ARM.Collect$$libinit$$0000001F          0x0800022e   Section        0  libinit2.o(.ARM.Collect$$libinit$$0000001F)
    .ARM.Collect$$libinit$$00000021          0x0800022e   Section        0  libinit2.o(.ARM.Collect$$libinit$$00000021)
    .ARM.Collect$$libinit$$00000023          0x0800022e   Section        0  libinit2.o(.ARM.Collect$$libinit$$00000023)
    .ARM.Collect$$libinit$$00000025          0x0800022e   Section        0  libinit2.o(.ARM.Collect$$libinit$$00000025)
    .ARM.Collect$$libinit$$0000002C          0x0800022e   Section        0  libinit2.o(.ARM.Collect$$libinit$$0000002C)
    .ARM.Collect$$libinit$$0000002E          0x0800022e   Section        0  libinit2.o(.ARM.Collect$$libinit$$0000002E)
    .ARM.Collect$$libinit$$00000030          0x0800022e   Section        0  libinit2.o(.ARM.Collect$$libinit$$00000030)
    .ARM.Collect$$libinit$$00000032          0x0800022e   Section        0  libinit2.o(.ARM.Collect$$libinit$$00000032)
    .ARM.Collect$$libinit$$00000033          0x0800022e   Section        2  libinit2.o(.ARM.Collect$$libinit$$00000033)
    .ARM.Collect$$libshutdown$$00000000      0x08000230   Section        2  libshutdown.o(.ARM.Collect$$libshutdown$$00000000)
    .ARM.Collect$$libshutdown$$00000002      0x08000232   Section        0  libshutdown2.o(.ARM.Collect$$libshutdown$$00000002)
    .ARM.Collect$$libshutdown$$00000004      0x08000232   Section        0  libshutdown2.o(.ARM.Collect$$libshutdown$$00000004)
    .ARM.Collect$$libshutdown$$00000007      0x08000232   Section        0  libshutdown2.o(.ARM.Collect$$libshutdown$$00000007)
    .ARM.Collect$$libshutdown$$0000000A      0x08000232   Section        0  libshutdown2.o(.ARM.Collect$$libshutdown$$0000000A)
    .ARM.Collect$$libshutdown$$0000000C      0x08000232   Section        0  libshutdown2.o(.ARM.Collect$$libshutdown$$0000000C)
    .ARM.Collect$$libshutdown$$0000000F      0x08000232   Section        0  libshutdown2.o(.ARM.Collect$$libshutdown$$0000000F)
    .ARM.Collect$$libshutdown$$00000010      0x08000232   Section        2  libshutdown2.o(.ARM.Collect$$libshutdown$$00000010)
    .ARM.Collect$$rtentry$$00000000          0x08000234   Section        0  __rtentry.o(.ARM.Collect$$rtentry$$00000000)
    .ARM.Collect$$rtentry$$00000002          0x08000234   Section        0  __rtentry2.o(.ARM.Collect$$rtentry$$00000002)
    .ARM.Collect$$rtentry$$00000004          0x08000234   Section        6  __rtentry4.o(.ARM.Collect$$rtentry$$00000004)
    .ARM.Collect$$rtentry$$00000009          0x0800023a   Section        0  __rtentry2.o(.ARM.Collect$$rtentry$$00000009)
    .ARM.Collect$$rtentry$$0000000A          0x0800023a   Section        4  __rtentry2.o(.ARM.Collect$$rtentry$$0000000A)
    .ARM.Collect$$rtentry$$0000000C          0x0800023e   Section        0  __rtentry2.o(.ARM.Collect$$rtentry$$0000000C)
    .ARM.Collect$$rtentry$$0000000D          0x0800023e   Section        8  __rtentry2.o(.ARM.Collect$$rtentry$$0000000D)
    .ARM.Collect$$rtexit$$00000000           0x08000246   Section        2  rtexit.o(.ARM.Collect$$rtexit$$00000000)
    .ARM.Collect$$rtexit$$00000002           0x08000248   Section        0  rtexit2.o(.ARM.Collect$$rtexit$$00000002)
    .ARM.Collect$$rtexit$$00000003           0x08000248   Section        4  rtexit2.o(.ARM.Collect$$rtexit$$00000003)
    .ARM.Collect$$rtexit$$00000004           0x0800024c   Section        6  rtexit2.o(.ARM.Collect$$rtexit$$00000004)
    .text                                    0x08000254   Section        0  led.o(.text)
    .text                                    0x08000314   Section        0  swt.o(.text)
    .text                                    0x08000378   Section        0  retarget.o(.text)
    .text                                    0x080003b8   Section        0  serial.o(.text)
    _configUSART2                            0x080003b9   Thumb Code   210  serial.o(.text)
    .text                                    0x080004b0   Section        0  main.o(.text)
    .text                                    0x080008fc   Section        0  breadboard.o(.text)
    .text                                    0x08000c7c   Section        0  voltage.o(.text)
    .text                                    0x080017c0   Section        0  lcd_buffer.o(.text)
    .text                                    0x08001868   Section        0  lcd_driver.o(.text)
    .text                                    0x08001cc0   Section        0  buttons.o(.text)
    .text                                    0x08001d0c   Section        0  resistance.o(.text)
    .text                                    0x08002614   Section        0  light.o(.text)
    .text                                    0x08002dac   Section        0  current.o(.text)
    .text                                    0x080036d0   Section        0  transistor.o(.text)
    .text                                    0x08004088   Section        0  capacitance.o(.text)
    .text                                    0x080047fc   Section        0  timer.o(.text)
    .text                                    0x08004818   Section        0  frequency.o(.text)
    .text                                    0x08004ba4   Section        0  logic.o(.text)
    .text                                    0x08004e04   Section       64  startup_stm32f407xx.o(.text)
    $v0                                      0x08004e04   Number         0  startup_stm32f407xx.o(.text)
    .text                                    0x08004e44   Section        0  system_stm32f4xx.o(.text)
    SetSysClock                              0x08004e45   Thumb Code   220  system_stm32f4xx.o(.text)
    .text                                    0x08005054   Section        2  use_no_semi.o(.text)
    .text                                    0x08005056   Section        0  h1_free.o(.text)
    .text                                    0x080050a4   Section      238  lludivv7m.o(.text)
    .text                                    0x08005194   Section        0  noretval__2printf.o(.text)
    .text                                    0x080051ac   Section        0  noretval__2sprintf.o(.text)
    .text                                    0x080051d4   Section        0  _printf_str.o(.text)
    .text                                    0x08005228   Section        0  _printf_dec.o(.text)
    .text                                    0x080052a0   Section        0  __printf_wp.o(.text)
    .text                                    0x080053ae   Section        0  strcat.o(.text)
    .text                                    0x080053c6   Section       78  rt_memclr_w.o(.text)
    .text                                    0x08005414   Section        0  heapauxi.o(.text)
    .text                                    0x0800541c   Section        8  rt_heap_descriptor_intlibspace.o(.text)
    .text                                    0x08005424   Section        0  _rserrno.o(.text)
    .text                                    0x0800543a   Section        0  _printf_intcommon.o(.text)
    .text                                    0x080054ec   Section        0  _printf_fp_dec.o(.text)
    _fp_digits                               0x080054ef   Thumb Code   428  _printf_fp_dec.o(.text)
    .text                                    0x08005908   Section        0  _printf_char_common.o(.text)
    _printf_input_char                       0x08005909   Thumb Code    10  _printf_char_common.o(.text)
    .text                                    0x08005938   Section        0  _sputc.o(.text)
    .text                                    0x08005942   Section        0  _printf_char.o(.text)
    .text                                    0x08005970   Section        0  _printf_char_file.o(.text)
    .text                                    0x08005994   Section        8  libspace.o(.text)
    .text                                    0x0800599c   Section        8  rt_locale_intlibspace.o(.text)
    .text                                    0x080059a4   Section        8  rt_errno_addr_intlibspace.o(.text)
    .text                                    0x080059ac   Section      138  lludiv10.o(.text)
    .text                                    0x08005a38   Section        0  _printf_fp_infnan.o(.text)
    .text                                    0x08005ab8   Section        0  bigflt0.o(.text)
    .text                                    0x08005b94   Section       74  sys_stackheap_outer.o(.text)
    .text                                    0x08005bde   Section        0  exit.o(.text)
    .text                                    0x08005bf0   Section      128  strcmpv7m.o(.text)
    CL$$btod_d2e                             0x08005c70   Section       62  btod.o(CL$$btod_d2e)
    CL$$btod_d2e_denorm_low                  0x08005cae   Section       70  btod.o(CL$$btod_d2e_denorm_low)
    CL$$btod_d2e_norm_op1                    0x08005cf4   Section       96  btod.o(CL$$btod_d2e_norm_op1)
    CL$$btod_div_common                      0x08005d54   Section      824  btod.o(CL$$btod_div_common)
    CL$$btod_e2e                             0x0800608c   Section      198  btod.o(CL$$btod_e2e)
    CL$$btod_ediv                            0x08006152   Section       40  btod.o(CL$$btod_ediv)
    CL$$btod_emul                            0x0800617a   Section       40  btod.o(CL$$btod_emul)
    CL$$btod_mult_common                     0x080061a2   Section      580  btod.o(CL$$btod_mult_common)
    i.__ARM_fpclassify                       0x080063e6   Section        0  fpclassify.o(i.__ARM_fpclassify)
    i.__hardfp_fabs                          0x08006416   Section        0  fabs.o(i.__hardfp_fabs)
    i.__hardfp_log                           0x08006430   Section        0  log.o(i.__hardfp_log)
    i.__hardfp_log10                         0x080067f8   Section        0  log10.o(i.__hardfp_log10)
    i.__hardfp_pow                           0x08006928   Section        0  pow.o(i.__hardfp_pow)
    i.__kernel_poly                          0x08007578   Section        0  poly.o(i.__kernel_poly)
    i.__mathlib_dbl_divzero                  0x08007670   Section        0  dunder.o(i.__mathlib_dbl_divzero)
    i.__mathlib_dbl_infnan                   0x080076a0   Section        0  dunder.o(i.__mathlib_dbl_infnan)
    i.__mathlib_dbl_infnan2                  0x080076b4   Section        0  dunder.o(i.__mathlib_dbl_infnan2)
    i.__mathlib_dbl_invalid                  0x080076c8   Section        0  dunder.o(i.__mathlib_dbl_invalid)
    i.__mathlib_dbl_overflow                 0x080076e8   Section        0  dunder.o(i.__mathlib_dbl_overflow)
    i.__mathlib_dbl_underflow                0x08007708   Section        0  dunder.o(i.__mathlib_dbl_underflow)
    i._is_digit                              0x08007728   Section        0  __printf_wp.o(i._is_digit)
    i.fabs                                   0x08007736   Section        0  fabs.o(i.fabs)
    i.log                                    0x0800774e   Section        0  log.o(i.log)
    i.sqrt                                   0x0800775e   Section        0  sqrt.o(i.sqrt)
    locale$$code                             0x080077cc   Section       44  lc_numeric_c.o(locale$$code)
    x$fpl$basic                              0x080077f8   Section       24  basic.o(x$fpl$basic)
    $v0                                      0x080077f8   Number         0  basic.o(x$fpl$basic)
    x$fpl$dadd                               0x08007810   Section      336  daddsub_clz.o(x$fpl$dadd)
    $v0                                      0x08007810   Number         0  daddsub_clz.o(x$fpl$dadd)
    _dadd1                                   0x08007821   Thumb Code     0  daddsub_clz.o(x$fpl$dadd)
    x$fpl$dcheck1                            0x08007960   Section       16  dcheck1.o(x$fpl$dcheck1)
    $v0                                      0x08007960   Number         0  dcheck1.o(x$fpl$dcheck1)
    x$fpl$dcmpinf                            0x08007970   Section       24  dcmpi.o(x$fpl$dcmpinf)
    $v0                                      0x08007970   Number         0  dcmpi.o(x$fpl$dcmpinf)
    x$fpl$ddiv                               0x08007988   Section      688  ddiv.o(x$fpl$ddiv)
    $v0                                      0x08007988   Number         0  ddiv.o(x$fpl$ddiv)
    ddiv_entry                               0x0800798f   Thumb Code     0  ddiv.o(x$fpl$ddiv)
    x$fpl$deqf                               0x08007c38   Section      120  deqf.o(x$fpl$deqf)
    $v0                                      0x08007c38   Number         0  deqf.o(x$fpl$deqf)
    x$fpl$dfix                               0x08007cb0   Section       94  dfix.o(x$fpl$dfix)
    $v0                                      0x08007cb0   Number         0  dfix.o(x$fpl$dfix)
    x$fpl$dflt                               0x08007d0e   Section       46  dflt_clz.o(x$fpl$dflt)
    $v0                                      0x08007d0e   Number         0  dflt_clz.o(x$fpl$dflt)
    x$fpl$dfltu                              0x08007d3c   Section       38  dflt_clz.o(x$fpl$dfltu)
    $v0                                      0x08007d3c   Number         0  dflt_clz.o(x$fpl$dfltu)
    x$fpl$dleqf                              0x08007d64   Section      120  dleqf.o(x$fpl$dleqf)
    $v0                                      0x08007d64   Number         0  dleqf.o(x$fpl$dleqf)
    x$fpl$dmul                               0x08007ddc   Section      340  dmul.o(x$fpl$dmul)
    $v0                                      0x08007ddc   Number         0  dmul.o(x$fpl$dmul)
    x$fpl$dnaninf                            0x08007f30   Section      156  dnaninf.o(x$fpl$dnaninf)
    $v0                                      0x08007f30   Number         0  dnaninf.o(x$fpl$dnaninf)
    x$fpl$dretinf                            0x08007fcc   Section       12  dretinf.o(x$fpl$dretinf)
    $v0                                      0x08007fcc   Number         0  dretinf.o(x$fpl$dretinf)
    x$fpl$drleqf                             0x08007fd8   Section      108  drleqf.o(x$fpl$drleqf)
    $v0                                      0x08007fd8   Number         0  drleqf.o(x$fpl$drleqf)
    x$fpl$drsb                               0x08008044   Section       22  daddsub_clz.o(x$fpl$drsb)
    $v0                                      0x08008044   Number         0  daddsub_clz.o(x$fpl$drsb)
    x$fpl$dsqrt                              0x0800805c   Section      408  dsqrt_umaal.o(x$fpl$dsqrt)
    $v0                                      0x0800805c   Number         0  dsqrt_umaal.o(x$fpl$dsqrt)
    x$fpl$dsub                               0x080081f4   Section      468  daddsub_clz.o(x$fpl$dsub)
    $v0                                      0x080081f4   Number         0  daddsub_clz.o(x$fpl$dsub)
    _dsub1                                   0x08008205   Thumb Code     0  daddsub_clz.o(x$fpl$dsub)
    x$fpl$fpinit                             0x080083c8   Section       10  fpinit.o(x$fpl$fpinit)
    $v0                                      0x080083c8   Number         0  fpinit.o(x$fpl$fpinit)
    x$fpl$printf1                            0x080083d2   Section        4  printf1.o(x$fpl$printf1)
    $v0                                      0x080083d2   Number         0  printf1.o(x$fpl$printf1)
    x$fpl$retnan                             0x080083d6   Section      100  retnan.o(x$fpl$retnan)
    $v0                                      0x080083d6   Number         0  retnan.o(x$fpl$retnan)
    x$fpl$scalbn                             0x0800843a   Section       92  scalbn.o(x$fpl$scalbn)
    $v0                                      0x0800843a   Number         0  scalbn.o(x$fpl$scalbn)
    x$fpl$trapveneer                         0x08008496   Section       48  trapv.o(x$fpl$trapveneer)
    $v0                                      0x08008496   Number         0  trapv.o(x$fpl$trapveneer)
    x$fpl$usenofp                            0x080084c6   Section        0  usenofp.o(x$fpl$usenofp)
    .constdata                               0x080084c8   Section       32  led.o(.constdata)
    .constdata                               0x080084e8   Section       32  swt.o(.constdata)
    .constdata                               0x08008508   Section       16  system_stm32f4xx.o(.constdata)
    .constdata                               0x08008518   Section       56  log.o(.constdata)
    Lg2                                      0x08008518   Data          24  log.o(.constdata)
    Lg                                       0x08008530   Data          32  log.o(.constdata)
    .constdata                               0x08008550   Section      136  pow.o(.constdata)
    bp                                       0x08008550   Data          16  pow.o(.constdata)
    dp_h                                     0x08008560   Data          16  pow.o(.constdata)
    dp_l                                     0x08008570   Data          16  pow.o(.constdata)
    L                                        0x08008580   Data          48  pow.o(.constdata)
    P                                        0x080085b0   Data          40  pow.o(.constdata)
    .constdata                               0x080085d8   Section        8  qnan.o(.constdata)
    .constdata                               0x080085e0   Section      148  bigflt0.o(.constdata)
    tenpwrs_x                                0x080085e0   Data          60  bigflt0.o(.constdata)
    tenpwrs_i                                0x0800861c   Data          64  bigflt0.o(.constdata)
    locale$$data                             0x08008694   Section       28  lc_numeric_c.o(locale$$data)
    __lcnum_c_name                           0x08008698   Data           2  lc_numeric_c.o(locale$$data)
    __lcnum_c_start                          0x080086a0   Data           0  lc_numeric_c.o(locale$$data)
    __lcnum_c_point                          0x080086ac   Data           0  lc_numeric_c.o(locale$$data)
    __lcnum_c_thousands                      0x080086ae   Data           0  lc_numeric_c.o(locale$$data)
    __lcnum_c_grouping                       0x080086af   Data           0  lc_numeric_c.o(locale$$data)
    __lcnum_c_end                            0x080086b0   Data           0  lc_numeric_c.o(locale$$data)
    .data                                    0x20000000   Section        4  retarget.o(.data)
    .data                                    0x20000004   Section       40  serial.o(.data)
    AHBdiv                                   0x20000004   Data          32  serial.o(.data)
    APBdiv                                   0x20000024   Data           8  serial.o(.data)
    .data                                    0x2000002c   Section        4  main.o(.data)
    .data                                    0x20000030   Section        9  lcd_driver.o(.data)
    stage                                    0x20000030   Data           4  lcd_driver.o(.data)
    buffer_data                              0x20000034   Data           4  lcd_driver.o(.data)
    scrolling                                0x20000038   Data           1  lcd_driver.o(.data)
    .data                                    0x2000003c   Section        4  system_stm32f4xx.o(.data)
    .bss                                     0x20000040   Section      512  lcd_buffer.o(.bss)
    .bss                                     0x20000240   Section       16  lcd_driver.o(.bss)
    .bss                                     0x20000250   Section       96  libspace.o(.bss)
    HEAP                                     0x200002b0   Section      512  startup_stm32f407xx.o(HEAP)
    Heap_Mem                                 0x200002b0   Data         512  startup_stm32f407xx.o(HEAP)
    STACK                                    0x200004b0   Section     1024  startup_stm32f407xx.o(STACK)
    Stack_Mem                                0x200004b0   Data        1024  startup_stm32f407xx.o(STACK)
    __initial_sp                             0x200008b0   Data           0  startup_stm32f407xx.o(STACK)

    Global Symbols

    Symbol Name                              Value     Ov Type        Size  Object(Section)

    BuildAttributes$$THM_ISAv4$E$P$D$K$B$S$7EM$VFPi3$EXTD16$VFPS$VFMA$PE$A:L22UL41UL21$X:L11$S22US41US21$IEEE1$IW$USESV6$~STKCKD$USESV7$~SHL$OTIME$ROPI$IEEEX$EBA8$UX$STANDARDLIB$REQ8$PRES8$EABIv2 0x00000000   Number         0  anon$$obj.o ABSOLUTE
    __ARM_use_no_argv                        0x00000000   Number         0  main.o ABSOLUTE
    _printf_flags                            0x00000000   Number         0  printf_stubs.o ABSOLUTE
    _printf_return_value                     0x00000000   Number         0  printf_stubs.o ABSOLUTE
    _printf_sizespec                         0x00000000   Number         0  printf_stubs.o ABSOLUTE
    _printf_widthprec                        0x00000000   Number         0  printf_stubs.o ABSOLUTE
    __ARM_exceptions_init                     - Undefined Weak Reference
    __alloca_initialize                       - Undefined Weak Reference
    __arm_preinit_                            - Undefined Weak Reference
    __cpp_initialize__aeabi_                  - Undefined Weak Reference
    __cxa_finalize                            - Undefined Weak Reference
    __sigvec_lookup                           - Undefined Weak Reference
    __user_heap_extent                        - Undefined Weak Reference
    _atexit_init                              - Undefined Weak Reference
    _call_atexit_fns                          - Undefined Weak Reference
    _clock_init                               - Undefined Weak Reference
    _fp_trap_init                             - Undefined Weak Reference
    _fp_trap_shutdown                         - Undefined Weak Reference
    _get_lc_collate                           - Undefined Weak Reference
    _get_lc_ctype                             - Undefined Weak Reference
    _get_lc_monetary                          - Undefined Weak Reference
    _get_lc_time                              - Undefined Weak Reference
    _getenv_init                              - Undefined Weak Reference
    _handle_redirection                       - Undefined Weak Reference
    _initio                                   - Undefined Weak Reference
    _mutex_acquire                            - Undefined Weak Reference
    _mutex_free                               - Undefined Weak Reference
    _mutex_release                            - Undefined Weak Reference
    _printf_mbtowc                            - Undefined Weak Reference
    _printf_post_padding                      - Undefined Weak Reference
    _printf_pre_padding                       - Undefined Weak Reference
    _printf_truncate_signed                   - Undefined Weak Reference
    _printf_truncate_unsigned                 - Undefined Weak Reference
    _rand_init                                - Undefined Weak Reference
    _signal_finish                            - Undefined Weak Reference
    _signal_init                              - Undefined Weak Reference
    _terminateio                              - Undefined Weak Reference
    __Vectors_Size                           0x00000188   Number         0  startup_stm32f407xx.o ABSOLUTE
    __Vectors                                0x08000000   Data           4  startup_stm32f407xx.o(RESET)
    __Vectors_End                            0x08000188   Data           0  startup_stm32f407xx.o(RESET)
    __main                                   0x08000189   Thumb Code     8  __main.o(!!!main)
    __scatterload                            0x08000191   Thumb Code     0  __scatter.o(!!!scatter)
    __scatterload_rt2                        0x08000191   Thumb Code    44  __scatter.o(!!!scatter)
    __scatterload_rt2_thumb_only             0x08000191   Thumb Code     0  __scatter.o(!!!scatter)
    __scatterload_null                       0x0800019f   Thumb Code     0  __scatter.o(!!!scatter)
    __scatterload_copy                       0x080001c5   Thumb Code    26  __scatter_copy.o(!!handler_copy)
    __scatterload_zeroinit                   0x080001e1   Thumb Code    28  __scatter_zi.o(!!handler_zi)
    _printf_f                                0x080001fd   Thumb Code     0  _printf_f.o(.ARM.Collect$$_printf_percent$$00000003)
    _printf_percent                          0x080001fd   Thumb Code     0  _printf_percent.o(.ARM.Collect$$_printf_percent$$00000000)
    _printf_d                                0x08000203   Thumb Code     0  _printf_d.o(.ARM.Collect$$_printf_percent$$00000009)
    _printf_c                                0x08000209   Thumb Code     0  _printf_c.o(.ARM.Collect$$_printf_percent$$00000013)
    _printf_s                                0x0800020f   Thumb Code     0  _printf_s.o(.ARM.Collect$$_printf_percent$$00000014)
    _printf_percent_end                      0x08000215   Thumb Code     0  _printf_percent_end.o(.ARM.Collect$$_printf_percent$$00000017)
    __rt_lib_init                            0x08000219   Thumb Code     0  libinit.o(.ARM.Collect$$libinit$$00000000)
    __rt_lib_init_fp_1                       0x0800021b   Thumb Code     0  libinit2.o(.ARM.Collect$$libinit$$00000001)
    __rt_lib_init_heap_1                     0x0800021f   Thumb Code     0  libinit2.o(.ARM.Collect$$libinit$$0000000A)
    __rt_lib_init_lc_common                  0x0800021f   Thumb Code     0  libinit2.o(.ARM.Collect$$libinit$$0000000F)
    __rt_lib_init_preinit_1                  0x0800021f   Thumb Code     0  libinit2.o(.ARM.Collect$$libinit$$00000004)
    __rt_lib_init_rand_1                     0x0800021f   Thumb Code     0  libinit2.o(.ARM.Collect$$libinit$$0000000E)
    __rt_lib_init_user_alloc_1               0x0800021f   Thumb Code     0  libinit2.o(.ARM.Collect$$libinit$$0000000C)
    __rt_lib_init_lc_collate_1               0x08000225   Thumb Code     0  libinit2.o(.ARM.Collect$$libinit$$00000011)
    __rt_lib_init_lc_ctype_1                 0x08000225   Thumb Code     0  libinit2.o(.ARM.Collect$$libinit$$00000013)
    __rt_lib_init_lc_monetary_1              0x08000225   Thumb Code     0  libinit2.o(.ARM.Collect$$libinit$$00000015)
    __rt_lib_init_lc_numeric_2               0x08000225   Thumb Code     0  libinit2.o(.ARM.Collect$$libinit$$00000016)
    __rt_lib_init_alloca_1                   0x0800022f   Thumb Code     0  libinit2.o(.ARM.Collect$$libinit$$0000002E)
    __rt_lib_init_argv_1                     0x0800022f   Thumb Code     0  libinit2.o(.ARM.Collect$$libinit$$0000002C)
    __rt_lib_init_atexit_1                   0x0800022f   Thumb Code     0  libinit2.o(.ARM.Collect$$libinit$$0000001B)
    __rt_lib_init_clock_1                    0x0800022f   Thumb Code     0  libinit2.o(.ARM.Collect$$libinit$$00000021)
    __rt_lib_init_cpp_1                      0x0800022f   Thumb Code     0  libinit2.o(.ARM.Collect$$libinit$$00000032)
    __rt_lib_init_exceptions_1               0x0800022f   Thumb Code     0  libinit2.o(.ARM.Collect$$libinit$$00000030)
    __rt_lib_init_fp_trap_1                  0x0800022f   Thumb Code     0  libinit2.o(.ARM.Collect$$libinit$$0000001F)
    __rt_lib_init_getenv_1                   0x0800022f   Thumb Code     0  libinit2.o(.ARM.Collect$$libinit$$00000023)
    __rt_lib_init_lc_numeric_1               0x0800022f   Thumb Code     0  libinit2.o(.ARM.Collect$$libinit$$00000017)
    __rt_lib_init_lc_time_1                  0x0800022f   Thumb Code     0  libinit2.o(.ARM.Collect$$libinit$$00000019)
    __rt_lib_init_return                     0x0800022f   Thumb Code     0  libinit2.o(.ARM.Collect$$libinit$$00000033)
    __rt_lib_init_signal_1                   0x0800022f   Thumb Code     0  libinit2.o(.ARM.Collect$$libinit$$0000001D)
    __rt_lib_init_stdio_1                    0x0800022f   Thumb Code     0  libinit2.o(.ARM.Collect$$libinit$$00000025)
    __rt_lib_shutdown                        0x08000231   Thumb Code     0  libshutdown.o(.ARM.Collect$$libshutdown$$00000000)
    __rt_lib_shutdown_cpp_1                  0x08000233   Thumb Code     0  libshutdown2.o(.ARM.Collect$$libshutdown$$00000002)
    __rt_lib_shutdown_fp_trap_1              0x08000233   Thumb Code     0  libshutdown2.o(.ARM.Collect$$libshutdown$$00000007)
    __rt_lib_shutdown_heap_1                 0x08000233   Thumb Code     0  libshutdown2.o(.ARM.Collect$$libshutdown$$0000000F)
    __rt_lib_shutdown_return                 0x08000233   Thumb Code     0  libshutdown2.o(.ARM.Collect$$libshutdown$$00000010)
    __rt_lib_shutdown_signal_1               0x08000233   Thumb Code     0  libshutdown2.o(.ARM.Collect$$libshutdown$$0000000A)
    __rt_lib_shutdown_stdio_1                0x08000233   Thumb Code     0  libshutdown2.o(.ARM.Collect$$libshutdown$$00000004)
    __rt_lib_shutdown_user_alloc_1           0x08000233   Thumb Code     0  libshutdown2.o(.ARM.Collect$$libshutdown$$0000000C)
    __rt_entry                               0x08000235   Thumb Code     0  __rtentry.o(.ARM.Collect$$rtentry$$00000000)
    __rt_entry_presh_1                       0x08000235   Thumb Code     0  __rtentry2.o(.ARM.Collect$$rtentry$$00000002)
    __rt_entry_sh                            0x08000235   Thumb Code     0  __rtentry4.o(.ARM.Collect$$rtentry$$00000004)
    __rt_entry_li                            0x0800023b   Thumb Code     0  __rtentry2.o(.ARM.Collect$$rtentry$$0000000A)
    __rt_entry_postsh_1                      0x0800023b   Thumb Code     0  __rtentry2.o(.ARM.Collect$$rtentry$$00000009)
    __rt_entry_main                          0x0800023f   Thumb Code     0  __rtentry2.o(.ARM.Collect$$rtentry$$0000000D)
    __rt_entry_postli_1                      0x0800023f   Thumb Code     0  __rtentry2.o(.ARM.Collect$$rtentry$$0000000C)
    __rt_exit                                0x08000247   Thumb Code     0  rtexit.o(.ARM.Collect$$rtexit$$00000000)
    __rt_exit_ls                             0x08000249   Thumb Code     0  rtexit2.o(.ARM.Collect$$rtexit$$00000003)
    __rt_exit_prels_1                        0x08000249   Thumb Code     0  rtexit2.o(.ARM.Collect$$rtexit$$00000002)
    __rt_exit_exit                           0x0800024d   Thumb Code     0  rtexit2.o(.ARM.Collect$$rtexit$$00000004)
    LED_Init                                 0x08000255   Thumb Code    96  led.o(.text)
    LED_On                                   0x080002b5   Thumb Code    18  led.o(.text)
    LED_Off                                  0x080002c7   Thumb Code    20  led.o(.text)
    LED_Out                                  0x080002db   Thumb Code    38  led.o(.text)
    SWT_Init                                 0x08000315   Thumb Code    52  swt.o(.text)
    SWT_Get                                  0x08000349   Thumb Code     6  swt.o(.text)
    SWT_Check                                0x0800034f   Thumb Code    24  swt.o(.text)
    sendchar                                 0x08000379   Thumb Code    22  retarget.o(.text)
    fputc                                    0x0800038f   Thumb Code    14  retarget.o(.text)
    ferror                                   0x0800039d   Thumb Code     8  retarget.o(.text)
    _ttywrch                                 0x080003a5   Thumb Code    12  retarget.o(.text)
    _sys_exit                                0x080003b1   Thumb Code     4  retarget.o(.text)
    serial_init                              0x0800048b   Thumb Code    12  serial.o(.text)
    SysTick_Handler                          0x080004b1   Thumb Code    12  main.o(.text)
    Delay                                    0x080004bd   Thumb Code    18  main.o(.text)
    main                                     0x080004cf   Thumb Code  1070  main.o(.text)
    J5_Init                                  0x080008fd   Thumb Code   110  breadboard.o(.text)
    J7_Init                                  0x0800096b   Thumb Code   108  breadboard.o(.text)
    J6_Init                                  0x080009d7   Thumb Code   106  breadboard.o(.text)
    ADC1_init                                0x08000a41   Thumb Code   208  breadboard.o(.text)
    ADC2_init                                0x08000b11   Thumb Code   238  breadboard.o(.text)
    read_ADC1                                0x08000bff   Thumb Code    32  breadboard.o(.text)
    read_ADC2                                0x08000c1f   Thumb Code    40  breadboard.o(.text)
    Voltage_Range                            0x08000c7d   Thumb Code   312  voltage.o(.text)
    Voltage_Display_Value                    0x08000db5   Thumb Code   370  voltage.o(.text)
    Write_Voltage                            0x08000f27   Thumb Code  1038  voltage.o(.text)
    Measure_Voltage                          0x08001335   Thumb Code  1076  voltage.o(.text)
    buffer_init                              0x080017c1   Thumb Code    16  lcd_buffer.o(.text)
    buffer_destroy                           0x080017d1   Thumb Code    12  lcd_buffer.o(.text)
    buffer_full                              0x080017dd   Thumb Code    30  lcd_buffer.o(.text)
    buffer_empty                             0x080017fb   Thumb Code    18  lcd_buffer.o(.text)
    buffer_put                               0x0800180d   Thumb Code    44  lcd_buffer.o(.text)
    buffer_get                               0x08001839   Thumb Code    44  lcd_buffer.o(.text)
    lcd_write                                0x08001869   Thumb Code    62  lcd_driver.o(.text)
    lcd_move_cursor                          0x080018a7   Thumb Code    36  lcd_driver.o(.text)
    lcd_clear_display                        0x080018cb   Thumb Code    32  lcd_driver.o(.text)
    lcd_change_settings                      0x080018eb   Thumb Code    34  lcd_driver.o(.text)
    lcd_setup_timer                          0x0800190d   Thumb Code    58  lcd_driver.o(.text)
    lcd_setup_GPIO                           0x08001947   Thumb Code   150  lcd_driver.o(.text)
    lcd_init                                 0x080019dd   Thumb Code   130  lcd_driver.o(.text)
    lcd_write_string                         0x08001a5f   Thumb Code    58  lcd_driver.o(.text)
    lcd_scrolling                            0x08001a99   Thumb Code    48  lcd_driver.o(.text)
    TIM6_DAC_IRQHandler                      0x08001ac9   Thumb Code   492  lcd_driver.o(.text)
    BTN_Init                                 0x08001cc1   Thumb Code    56  buttons.o(.text)
    BTN_Get                                  0x08001cf9   Thumb Code    10  buttons.o(.text)
    Switch_Resistance                        0x08001d0d   Thumb Code   878  resistance.o(.text)
    Measure_Resistance_Continuity            0x0800207b   Thumb Code  1158  resistance.o(.text)
    Select_Colour                            0x08002615   Thumb Code    68  light.o(.text)
    Light_Value                              0x08002659   Thumb Code   440  light.o(.text)
    Write_Lux_Value                          0x08002811   Thumb Code   200  light.o(.text)
    Measure_Light                            0x080028d9   Thumb Code  1228  light.o(.text)
    Current_Range                            0x08002dad   Thumb Code  1168  current.o(.text)
    write_current_value                      0x0800323d   Thumb Code   490  current.o(.text)
    Measure_Current                          0x08003427   Thumb Code   474  current.o(.text)
    Test_Diode                               0x080036d1   Thumb Code   116  transistor.o(.text)
    Sel_Control                              0x08003745   Thumb Code   174  transistor.o(.text)
    Test_PNP                                 0x080037f3   Thumb Code   132  transistor.o(.text)
    Test_NPN                                 0x08003877   Thumb Code   132  transistor.o(.text)
    Test_Transistor                          0x080038fb   Thumb Code  1886  transistor.o(.text)
    measure_capacitance                      0x08004089   Thumb Code  1710  capacitance.o(.text)
    init_Timer                               0x080047fd   Thumb Code    24  timer.o(.text)
    frequency_test                           0x08004819   Thumb Code    62  frequency.o(.text)
    measure_frequency                        0x08004857   Thumb Code   696  frequency.o(.text)
    test_logic                               0x08004ba5   Thumb Code   480  logic.o(.text)
    Reset_Handler                            0x08004e05   Thumb Code     8  startup_stm32f407xx.o(.text)
    NMI_Handler                              0x08004e0d   Thumb Code     2  startup_stm32f407xx.o(.text)
    HardFault_Handler                        0x08004e0f   Thumb Code     2  startup_stm32f407xx.o(.text)
    MemManage_Handler                        0x08004e11   Thumb Code     2  startup_stm32f407xx.o(.text)
    BusFault_Handler                         0x08004e13   Thumb Code     2  startup_stm32f407xx.o(.text)
    UsageFault_Handler                       0x08004e15   Thumb Code     2  startup_stm32f407xx.o(.text)
    SVC_Handler                              0x08004e17   Thumb Code     2  startup_stm32f407xx.o(.text)
    DebugMon_Handler                         0x08004e19   Thumb Code     2  startup_stm32f407xx.o(.text)
    PendSV_Handler                           0x08004e1b   Thumb Code     2  startup_stm32f407xx.o(.text)
    ADC_IRQHandler                           0x08004e1f   Thumb Code     0  startup_stm32f407xx.o(.text)
    CAN1_RX0_IRQHandler                      0x08004e1f   Thumb Code     0  startup_stm32f407xx.o(.text)
    CAN1_RX1_IRQHandler                      0x08004e1f   Thumb Code     0  startup_stm32f407xx.o(.text)
    CAN1_SCE_IRQHandler                      0x08004e1f   Thumb Code     0  startup_stm32f407xx.o(.text)
    CAN1_TX_IRQHandler                       0x08004e1f   Thumb Code     0  startup_stm32f407xx.o(.text)
    CAN2_RX0_IRQHandler                      0x08004e1f   Thumb Code     0  startup_stm32f407xx.o(.text)
    CAN2_RX1_IRQHandler                      0x08004e1f   Thumb Code     0  startup_stm32f407xx.o(.text)
    CAN2_SCE_IRQHandler                      0x08004e1f   Thumb Code     0  startup_stm32f407xx.o(.text)
    CAN2_TX_IRQHandler                       0x08004e1f   Thumb Code     0  startup_stm32f407xx.o(.text)
    DCMI_IRQHandler                          0x08004e1f   Thumb Code     0  startup_stm32f407xx.o(.text)
    DMA1_Stream0_IRQHandler                  0x08004e1f   Thumb Code     0  startup_stm32f407xx.o(.text)
    DMA1_Stream1_IRQHandler                  0x08004e1f   Thumb Code     0  startup_stm32f407xx.o(.text)
    DMA1_Stream2_IRQHandler                  0x08004e1f   Thumb Code     0  startup_stm32f407xx.o(.text)
    DMA1_Stream3_IRQHandler                  0x08004e1f   Thumb Code     0  startup_stm32f407xx.o(.text)
    DMA1_Stream4_IRQHandler                  0x08004e1f   Thumb Code     0  startup_stm32f407xx.o(.text)
    DMA1_Stream5_IRQHandler                  0x08004e1f   Thumb Code     0  startup_stm32f407xx.o(.text)
    DMA1_Stream6_IRQHandler                  0x08004e1f   Thumb Code     0  startup_stm32f407xx.o(.text)
    DMA1_Stream7_IRQHandler                  0x08004e1f   Thumb Code     0  startup_stm32f407xx.o(.text)
    DMA2_Stream0_IRQHandler                  0x08004e1f   Thumb Code     0  startup_stm32f407xx.o(.text)
    DMA2_Stream1_IRQHandler                  0x08004e1f   Thumb Code     0  startup_stm32f407xx.o(.text)
    DMA2_Stream2_IRQHandler                  0x08004e1f   Thumb Code     0  startup_stm32f407xx.o(.text)
    DMA2_Stream3_IRQHandler                  0x08004e1f   Thumb Code     0  startup_stm32f407xx.o(.text)
    DMA2_Stream4_IRQHandler                  0x08004e1f   Thumb Code     0  startup_stm32f407xx.o(.text)
    DMA2_Stream5_IRQHandler                  0x08004e1f   Thumb Code     0  startup_stm32f407xx.o(.text)
    DMA2_Stream6_IRQHandler                  0x08004e1f   Thumb Code     0  startup_stm32f407xx.o(.text)
    DMA2_Stream7_IRQHandler                  0x08004e1f   Thumb Code     0  startup_stm32f407xx.o(.text)
    ETH_IRQHandler                           0x08004e1f   Thumb Code     0  startup_stm32f407xx.o(.text)
    ETH_WKUP_IRQHandler                      0x08004e1f   Thumb Code     0  startup_stm32f407xx.o(.text)
    EXTI0_IRQHandler                         0x08004e1f   Thumb Code     0  startup_stm32f407xx.o(.text)
    EXTI15_10_IRQHandler                     0x08004e1f   Thumb Code     0  startup_stm32f407xx.o(.text)
    EXTI1_IRQHandler                         0x08004e1f   Thumb Code     0  startup_stm32f407xx.o(.text)
    EXTI2_IRQHandler                         0x08004e1f   Thumb Code     0  startup_stm32f407xx.o(.text)
    EXTI3_IRQHandler                         0x08004e1f   Thumb Code     0  startup_stm32f407xx.o(.text)
    EXTI4_IRQHandler                         0x08004e1f   Thumb Code     0  startup_stm32f407xx.o(.text)
    EXTI9_5_IRQHandler                       0x08004e1f   Thumb Code     0  startup_stm32f407xx.o(.text)
    FLASH_IRQHandler                         0x08004e1f   Thumb Code     0  startup_stm32f407xx.o(.text)
    FMC_IRQHandler                           0x08004e1f   Thumb Code     0  startup_stm32f407xx.o(.text)
    FPU_IRQHandler                           0x08004e1f   Thumb Code     0  startup_stm32f407xx.o(.text)
    HASH_RNG_IRQHandler                      0x08004e1f   Thumb Code     0  startup_stm32f407xx.o(.text)
    I2C1_ER_IRQHandler                       0x08004e1f   Thumb Code     0  startup_stm32f407xx.o(.text)
    I2C1_EV_IRQHandler                       0x08004e1f   Thumb Code     0  startup_stm32f407xx.o(.text)
    I2C2_ER_IRQHandler                       0x08004e1f   Thumb Code     0  startup_stm32f407xx.o(.text)
    I2C2_EV_IRQHandler                       0x08004e1f   Thumb Code     0  startup_stm32f407xx.o(.text)
    I2C3_ER_IRQHandler                       0x08004e1f   Thumb Code     0  startup_stm32f407xx.o(.text)
    I2C3_EV_IRQHandler                       0x08004e1f   Thumb Code     0  startup_stm32f407xx.o(.text)
    OTG_FS_IRQHandler                        0x08004e1f   Thumb Code     0  startup_stm32f407xx.o(.text)
    OTG_FS_WKUP_IRQHandler                   0x08004e1f   Thumb Code     0  startup_stm32f407xx.o(.text)
    OTG_HS_EP1_IN_IRQHandler                 0x08004e1f   Thumb Code     0  startup_stm32f407xx.o(.text)
    OTG_HS_EP1_OUT_IRQHandler                0x08004e1f   Thumb Code     0  startup_stm32f407xx.o(.text)
    OTG_HS_IRQHandler                        0x08004e1f   Thumb Code     0  startup_stm32f407xx.o(.text)
    OTG_HS_WKUP_IRQHandler                   0x08004e1f   Thumb Code     0  startup_stm32f407xx.o(.text)
    PVD_IRQHandler                           0x08004e1f   Thumb Code     0  startup_stm32f407xx.o(.text)
    RCC_IRQHandler                           0x08004e1f   Thumb Code     0  startup_stm32f407xx.o(.text)
    RTC_Alarm_IRQHandler                     0x08004e1f   Thumb Code     0  startup_stm32f407xx.o(.text)
    RTC_WKUP_IRQHandler                      0x08004e1f   Thumb Code     0  startup_stm32f407xx.o(.text)
    SDIO_IRQHandler                          0x08004e1f   Thumb Code     0  startup_stm32f407xx.o(.text)
    SPI1_IRQHandler                          0x08004e1f   Thumb Code     0  startup_stm32f407xx.o(.text)
    SPI2_IRQHandler                          0x08004e1f   Thumb Code     0  startup_stm32f407xx.o(.text)
    SPI3_IRQHandler                          0x08004e1f   Thumb Code     0  startup_stm32f407xx.o(.text)
    TAMP_STAMP_IRQHandler                    0x08004e1f   Thumb Code     0  startup_stm32f407xx.o(.text)
    TIM1_BRK_TIM9_IRQHandler                 0x08004e1f   Thumb Code     0  startup_stm32f407xx.o(.text)
    TIM1_CC_IRQHandler                       0x08004e1f   Thumb Code     0  startup_stm32f407xx.o(.text)
    TIM1_TRG_COM_TIM11_IRQHandler            0x08004e1f   Thumb Code     0  startup_stm32f407xx.o(.text)
    TIM1_UP_TIM10_IRQHandler                 0x08004e1f   Thumb Code     0  startup_stm32f407xx.o(.text)
    TIM2_IRQHandler                          0x08004e1f   Thumb Code     0  startup_stm32f407xx.o(.text)
    TIM3_IRQHandler                          0x08004e1f   Thumb Code     0  startup_stm32f407xx.o(.text)
    TIM4_IRQHandler                          0x08004e1f   Thumb Code     0  startup_stm32f407xx.o(.text)
    TIM5_IRQHandler                          0x08004e1f   Thumb Code     0  startup_stm32f407xx.o(.text)
    TIM7_IRQHandler                          0x08004e1f   Thumb Code     0  startup_stm32f407xx.o(.text)
    TIM8_BRK_TIM12_IRQHandler                0x08004e1f   Thumb Code     0  startup_stm32f407xx.o(.text)
    TIM8_CC_IRQHandler                       0x08004e1f   Thumb Code     0  startup_stm32f407xx.o(.text)
    TIM8_TRG_COM_TIM14_IRQHandler            0x08004e1f   Thumb Code     0  startup_stm32f407xx.o(.text)
    TIM8_UP_TIM13_IRQHandler                 0x08004e1f   Thumb Code     0  startup_stm32f407xx.o(.text)
    UART4_IRQHandler                         0x08004e1f   Thumb Code     0  startup_stm32f407xx.o(.text)
    UART5_IRQHandler                         0x08004e1f   Thumb Code     0  startup_stm32f407xx.o(.text)
    USART1_IRQHandler                        0x08004e1f   Thumb Code     0  startup_stm32f407xx.o(.text)
    USART2_IRQHandler                        0x08004e1f   Thumb Code     0  startup_stm32f407xx.o(.text)
    USART3_IRQHandler                        0x08004e1f   Thumb Code     0  startup_stm32f407xx.o(.text)
    USART6_IRQHandler                        0x08004e1f   Thumb Code     0  startup_stm32f407xx.o(.text)
    WWDG_IRQHandler                          0x08004e1f   Thumb Code     0  startup_stm32f407xx.o(.text)
    __user_initial_stackheap                 0x08004e21   Thumb Code     0  startup_stm32f407xx.o(.text)
    SystemInit                               0x08004f21   Thumb Code    88  system_stm32f4xx.o(.text)
    SystemCoreClockUpdate                    0x08004f79   Thumb Code   174  system_stm32f4xx.o(.text)
    __I$use$semihosting                      0x08005055   Thumb Code     0  use_no_semi.o(.text)
    __use_no_semihosting_swi                 0x08005055   Thumb Code     2  use_no_semi.o(.text)
    free                                     0x08005057   Thumb Code    78  h1_free.o(.text)
    __aeabi_uldivmod                         0x080050a5   Thumb Code     0  lludivv7m.o(.text)
    _ll_udiv                                 0x080050a5   Thumb Code   238  lludivv7m.o(.text)
    __2printf                                0x08005195   Thumb Code    20  noretval__2printf.o(.text)
    __2sprintf                               0x080051ad   Thumb Code    34  noretval__2sprintf.o(.text)
    _printf_str                              0x080051d5   Thumb Code    82  _printf_str.o(.text)
    _printf_int_dec                          0x08005229   Thumb Code   104  _printf_dec.o(.text)
    __printf                                 0x080052a1   Thumb Code   270  __printf_wp.o(.text)
    strcat                                   0x080053af   Thumb Code    24  strcat.o(.text)
    __aeabi_memclr4                          0x080053c7   Thumb Code     0  rt_memclr_w.o(.text)
    __aeabi_memclr8                          0x080053c7   Thumb Code     0  rt_memclr_w.o(.text)
    __rt_memclr_w                            0x080053c7   Thumb Code    78  rt_memclr_w.o(.text)
    _memset_w                                0x080053cb   Thumb Code     0  rt_memclr_w.o(.text)
    __use_two_region_memory                  0x08005415   Thumb Code     2  heapauxi.o(.text)
    __rt_heap_escrow                         0x08005417   Thumb Code     2  heapauxi.o(.text)
    __rt_heap_expand                         0x08005419   Thumb Code     2  heapauxi.o(.text)
    __rt_heap_descriptor                     0x0800541d   Thumb Code     8  rt_heap_descriptor_intlibspace.o(.text)
    __read_errno                             0x08005425   Thumb Code    10  _rserrno.o(.text)
    __set_errno                              0x0800542f   Thumb Code    12  _rserrno.o(.text)
    _printf_int_common                       0x0800543b   Thumb Code   178  _printf_intcommon.o(.text)
    __lib_sel_fp_printf                      0x080054ed   Thumb Code     2  _printf_fp_dec.o(.text)
    _printf_fp_dec_real                      0x0800569b   Thumb Code   620  _printf_fp_dec.o(.text)
    _printf_char_common                      0x08005913   Thumb Code    32  _printf_char_common.o(.text)
    _sputc                                   0x08005939   Thumb Code    10  _sputc.o(.text)
    _printf_cs_common                        0x08005943   Thumb Code    20  _printf_char.o(.text)
    _printf_char                             0x08005957   Thumb Code    16  _printf_char.o(.text)
    _printf_string                           0x08005967   Thumb Code     8  _printf_char.o(.text)
    _printf_char_file                        0x08005971   Thumb Code    32  _printf_char_file.o(.text)
    __user_libspace                          0x08005995   Thumb Code     8  libspace.o(.text)
    __user_perproc_libspace                  0x08005995   Thumb Code     0  libspace.o(.text)
    __user_perthread_libspace                0x08005995   Thumb Code     0  libspace.o(.text)
    __rt_locale                              0x0800599d   Thumb Code     8  rt_locale_intlibspace.o(.text)
    __aeabi_errno_addr                       0x080059a5   Thumb Code     8  rt_errno_addr_intlibspace.o(.text)
    __errno$intlibspace                      0x080059a5   Thumb Code     0  rt_errno_addr_intlibspace.o(.text)
    __rt_errno_addr$intlibspace              0x080059a5   Thumb Code     0  rt_errno_addr_intlibspace.o(.text)
    _ll_udiv10                               0x080059ad   Thumb Code   138  lludiv10.o(.text)
    _printf_fp_infnan                        0x08005a39   Thumb Code   112  _printf_fp_infnan.o(.text)
    _btod_etento                             0x08005ab9   Thumb Code   216  bigflt0.o(.text)
    __user_setup_stackheap                   0x08005b95   Thumb Code    74  sys_stackheap_outer.o(.text)
    exit                                     0x08005bdf   Thumb Code    18  exit.o(.text)
    strcmp                                   0x08005bf1   Thumb Code   128  strcmpv7m.o(.text)
    _btod_d2e                                0x08005c71   Thumb Code    62  btod.o(CL$$btod_d2e)
    _d2e_denorm_low                          0x08005caf   Thumb Code    70  btod.o(CL$$btod_d2e_denorm_low)
    _d2e_norm_op1                            0x08005cf5   Thumb Code    96  btod.o(CL$$btod_d2e_norm_op1)
    __btod_div_common                        0x08005d55   Thumb Code   696  btod.o(CL$$btod_div_common)
    _e2e                                     0x0800608d   Thumb Code   198  btod.o(CL$$btod_e2e)
    _btod_ediv                               0x08006153   Thumb Code    40  btod.o(CL$$btod_ediv)
    _btod_emul                               0x0800617b   Thumb Code    40  btod.o(CL$$btod_emul)
    __btod_mult_common                       0x080061a3   Thumb Code   580  btod.o(CL$$btod_mult_common)
    __ARM_fpclassify                         0x080063e7   Thumb Code    48  fpclassify.o(i.__ARM_fpclassify)
    __hardfp_fabs                            0x08006417   Thumb Code    20  fabs.o(i.__hardfp_fabs)
    __hardfp_log                             0x08006431   Thumb Code   872  log.o(i.__hardfp_log)
    __hardfp_log10                           0x080067f9   Thumb Code   260  log10.o(i.__hardfp_log10)
    __hardfp_pow                             0x08006929   Thumb Code  3072  pow.o(i.__hardfp_pow)
    __kernel_poly                            0x08007579   Thumb Code   248  poly.o(i.__kernel_poly)
    __mathlib_dbl_divzero                    0x08007671   Thumb Code    28  dunder.o(i.__mathlib_dbl_divzero)
    __mathlib_dbl_infnan                     0x080076a1   Thumb Code    20  dunder.o(i.__mathlib_dbl_infnan)
    __mathlib_dbl_infnan2                    0x080076b5   Thumb Code    20  dunder.o(i.__mathlib_dbl_infnan2)
    __mathlib_dbl_invalid                    0x080076c9   Thumb Code    24  dunder.o(i.__mathlib_dbl_invalid)
    __mathlib_dbl_overflow                   0x080076e9   Thumb Code    24  dunder.o(i.__mathlib_dbl_overflow)
    __mathlib_dbl_underflow                  0x08007709   Thumb Code    24  dunder.o(i.__mathlib_dbl_underflow)
    _is_digit                                0x08007729   Thumb Code    14  __printf_wp.o(i._is_digit)
    fabs                                     0x08007737   Thumb Code    24  fabs.o(i.fabs)
    log                                      0x0800774f   Thumb Code    16  log.o(i.log)
    sqrt                                     0x0800775f   Thumb Code   110  sqrt.o(i.sqrt)
    _get_lc_numeric                          0x080077cd   Thumb Code    44  lc_numeric_c.o(locale$$code)
    __aeabi_dneg                             0x080077f9   Thumb Code     0  basic.o(x$fpl$basic)
    _dneg                                    0x080077f9   Thumb Code     6  basic.o(x$fpl$basic)
    __aeabi_fneg                             0x080077ff   Thumb Code     0  basic.o(x$fpl$basic)
    _fneg                                    0x080077ff   Thumb Code     6  basic.o(x$fpl$basic)
    _dabs                                    0x08007805   Thumb Code     6  basic.o(x$fpl$basic)
    _fabs                                    0x0800780b   Thumb Code     6  basic.o(x$fpl$basic)
    __aeabi_dadd                             0x08007811   Thumb Code     0  daddsub_clz.o(x$fpl$dadd)
    _dadd                                    0x08007811   Thumb Code   332  daddsub_clz.o(x$fpl$dadd)
    __fpl_dcheck_NaN1                        0x08007961   Thumb Code    10  dcheck1.o(x$fpl$dcheck1)
    __fpl_dcmp_Inf                           0x08007971   Thumb Code    24  dcmpi.o(x$fpl$dcmpinf)
    __aeabi_ddiv                             0x08007989   Thumb Code     0  ddiv.o(x$fpl$ddiv)
    _ddiv                                    0x08007989   Thumb Code   552  ddiv.o(x$fpl$ddiv)
    __aeabi_cdcmpeq                          0x08007c39   Thumb Code     0  deqf.o(x$fpl$deqf)
    _dcmpeq                                  0x08007c39   Thumb Code   120  deqf.o(x$fpl$deqf)
    __aeabi_d2iz                             0x08007cb1   Thumb Code     0  dfix.o(x$fpl$dfix)
    _dfix                                    0x08007cb1   Thumb Code    94  dfix.o(x$fpl$dfix)
    __aeabi_i2d                              0x08007d0f   Thumb Code     0  dflt_clz.o(x$fpl$dflt)
    _dflt                                    0x08007d0f   Thumb Code    46  dflt_clz.o(x$fpl$dflt)
    __aeabi_ui2d                             0x08007d3d   Thumb Code     0  dflt_clz.o(x$fpl$dfltu)
    _dfltu                                   0x08007d3d   Thumb Code    38  dflt_clz.o(x$fpl$dfltu)
    __aeabi_cdcmple                          0x08007d65   Thumb Code     0  dleqf.o(x$fpl$dleqf)
    _dcmple                                  0x08007d65   Thumb Code   120  dleqf.o(x$fpl$dleqf)
    __fpl_dcmple_InfNaN                      0x08007dc7   Thumb Code     0  dleqf.o(x$fpl$dleqf)
    __aeabi_dmul                             0x08007ddd   Thumb Code     0  dmul.o(x$fpl$dmul)
    _dmul                                    0x08007ddd   Thumb Code   332  dmul.o(x$fpl$dmul)
    __fpl_dnaninf                            0x08007f31   Thumb Code   156  dnaninf.o(x$fpl$dnaninf)
    __fpl_dretinf                            0x08007fcd   Thumb Code    12  dretinf.o(x$fpl$dretinf)
    __aeabi_cdrcmple                         0x08007fd9   Thumb Code     0  drleqf.o(x$fpl$drleqf)
    _drcmple                                 0x08007fd9   Thumb Code   108  drleqf.o(x$fpl$drleqf)
    __aeabi_drsub                            0x08008045   Thumb Code     0  daddsub_clz.o(x$fpl$drsb)
    _drsb                                    0x08008045   Thumb Code    22  daddsub_clz.o(x$fpl$drsb)
    _dsqrt                                   0x0800805d   Thumb Code   404  dsqrt_umaal.o(x$fpl$dsqrt)
    __aeabi_dsub                             0x080081f5   Thumb Code     0  daddsub_clz.o(x$fpl$dsub)
    _dsub                                    0x080081f5   Thumb Code   464  daddsub_clz.o(x$fpl$dsub)
    _fp_init                                 0x080083c9   Thumb Code    10  fpinit.o(x$fpl$fpinit)
    __fplib_config_fpu_vfp                   0x080083d1   Thumb Code     0  fpinit.o(x$fpl$fpinit)
    __fplib_config_pureend_doubles           0x080083d1   Thumb Code     0  fpinit.o(x$fpl$fpinit)
    _printf_fp_dec                           0x080083d3   Thumb Code     4  printf1.o(x$fpl$printf1)
    __fpl_return_NaN                         0x080083d7   Thumb Code   100  retnan.o(x$fpl$retnan)
    __ARM_scalbn                             0x0800843b   Thumb Code    92  scalbn.o(x$fpl$scalbn)
    __fpl_cmpreturn                          0x08008497   Thumb Code    48  trapv.o(x$fpl$trapveneer)
    __I$use$fp                               0x080084c6   Number         0  usenofp.o(x$fpl$usenofp)
    led_mask                                 0x080084c8   Data          32  led.o(.constdata)
    SWT_mask                                 0x080084e8   Data          32  swt.o(.constdata)
    AHBPrescTable                            0x08008508   Data          16  system_stm32f4xx.o(.constdata)
    __mathlib_zero                           0x080085d8   Data           8  qnan.o(.constdata)
    Region$$Table$$Base                      0x08008674   Number         0  anon$$obj.o(Region$$Table)
    Region$$Table$$Limit                     0x08008694   Number         0  anon$$obj.o(Region$$Table)
    __stdout                                 0x20000000   Data           4  retarget.o(.data)
    msTicks                                  0x2000002c   Data           4  main.o(.data)
    SystemCoreClock                          0x2000003c   Data           4  system_stm32f4xx.o(.data)
    unmalloc_buffer                          0x20000040   Data         512  lcd_buffer.o(.bss)
    lcd_commandBuffer                        0x20000240   Data          16  lcd_driver.o(.bss)
    __libspace_start                         0x20000250   Data          96  libspace.o(.bss)
    __temporary_stack_top$libspace           0x200002b0   Data           0  libspace.o(.bss)



==============================================================================

Memory Map of the image

  Image Entry point : 0x08000189

  Load Region LR_IROM1 (Base: 0x08000000, Size: 0x000086f0, Max: 0x00100000, ABSOLUTE)

    Execution Region ER_IROM1 (Base: 0x08000000, Size: 0x000086b0, Max: 0x00100000, ABSOLUTE)

    Base Addr    Size         Type   Attr      Idx    E Section Name        Object

    0x08000000   0x00000188   Data   RO          568    RESET               startup_stm32f407xx.o
    0x08000188   0x00000008   Code   RO          711  * !!!main             c_w.l(__main.o)
    0x08000190   0x00000034   Code   RO         1113    !!!scatter          c_w.l(__scatter.o)
    0x080001c4   0x0000001a   Code   RO         1115    !!handler_copy      c_w.l(__scatter_copy.o)
    0x080001de   0x00000002   PAD
    0x080001e0   0x0000001c   Code   RO         1117    !!handler_zi        c_w.l(__scatter_zi.o)
    0x080001fc   0x00000000   Code   RO          704    .ARM.Collect$$_printf_percent$$00000000  c_w.l(_printf_percent.o)
    0x080001fc   0x00000006   Code   RO          703    .ARM.Collect$$_printf_percent$$00000003  c_w.l(_printf_f.o)
    0x08000202   0x00000006   Code   RO          702    .ARM.Collect$$_printf_percent$$00000009  c_w.l(_printf_d.o)
    0x08000208   0x00000006   Code   RO          700    .ARM.Collect$$_printf_percent$$00000013  c_w.l(_printf_c.o)
    0x0800020e   0x00000006   Code   RO          701    .ARM.Collect$$_printf_percent$$00000014  c_w.l(_printf_s.o)
    0x08000214   0x00000004   Code   RO          839    .ARM.Collect$$_printf_percent$$00000017  c_w.l(_printf_percent_end.o)
    0x08000218   0x00000002   Code   RO         1045    .ARM.Collect$$libinit$$00000000  c_w.l(libinit.o)
    0x0800021a   0x00000004   Code   RO          965    .ARM.Collect$$libinit$$00000001  c_w.l(libinit2.o)
    0x0800021e   0x00000000   Code   RO          968    .ARM.Collect$$libinit$$00000004  c_w.l(libinit2.o)
    0x0800021e   0x00000000   Code   RO          971    .ARM.Collect$$libinit$$0000000A  c_w.l(libinit2.o)
    0x0800021e   0x00000000   Code   RO          973    .ARM.Collect$$libinit$$0000000C  c_w.l(libinit2.o)
    0x0800021e   0x00000000   Code   RO          975    .ARM.Collect$$libinit$$0000000E  c_w.l(libinit2.o)
    0x0800021e   0x00000006   Code   RO          976    .ARM.Collect$$libinit$$0000000F  c_w.l(libinit2.o)
    0x08000224   0x00000000   Code   RO          978    .ARM.Collect$$libinit$$00000011  c_w.l(libinit2.o)
    0x08000224   0x00000000   Code   RO          980    .ARM.Collect$$libinit$$00000013  c_w.l(libinit2.o)
    0x08000224   0x00000000   Code   RO          982    .ARM.Collect$$libinit$$00000015  c_w.l(libinit2.o)
    0x08000224   0x0000000a   Code   RO          983    .ARM.Collect$$libinit$$00000016  c_w.l(libinit2.o)
    0x0800022e   0x00000000   Code   RO          984    .ARM.Collect$$libinit$$00000017  c_w.l(libinit2.o)
    0x0800022e   0x00000000   Code   RO          986    .ARM.Collect$$libinit$$00000019  c_w.l(libinit2.o)
    0x0800022e   0x00000000   Code   RO          988    .ARM.Collect$$libinit$$0000001B  c_w.l(libinit2.o)
    0x0800022e   0x00000000   Code   RO          990    .ARM.Collect$$libinit$$0000001D  c_w.l(libinit2.o)
    0x0800022e   0x00000000   Code   RO          992    .ARM.Collect$$libinit$$0000001F  c_w.l(libinit2.o)
    0x0800022e   0x00000000   Code   RO          994    .ARM.Collect$$libinit$$00000021  c_w.l(libinit2.o)
    0x0800022e   0x00000000   Code   RO          996    .ARM.Collect$$libinit$$00000023  c_w.l(libinit2.o)
    0x0800022e   0x00000000   Code   RO          998    .ARM.Collect$$libinit$$00000025  c_w.l(libinit2.o)
    0x0800022e   0x00000000   Code   RO         1002    .ARM.Collect$$libinit$$0000002C  c_w.l(libinit2.o)
    0x0800022e   0x00000000   Code   RO         1004    .ARM.Collect$$libinit$$0000002E  c_w.l(libinit2.o)
    0x0800022e   0x00000000   Code   RO         1006    .ARM.Collect$$libinit$$00000030  c_w.l(libinit2.o)
    0x0800022e   0x00000000   Code   RO         1008    .ARM.Collect$$libinit$$00000032  c_w.l(libinit2.o)
    0x0800022e   0x00000002   Code   RO         1009    .ARM.Collect$$libinit$$00000033  c_w.l(libinit2.o)
    0x08000230   0x00000002   Code   RO         1110    .ARM.Collect$$libshutdown$$00000000  c_w.l(libshutdown.o)
    0x08000232   0x00000000   Code   RO         1068    .ARM.Collect$$libshutdown$$00000002  c_w.l(libshutdown2.o)
    0x08000232   0x00000000   Code   RO         1070    .ARM.Collect$$libshutdown$$00000004  c_w.l(libshutdown2.o)
    0x08000232   0x00000000   Code   RO         1073    .ARM.Collect$$libshutdown$$00000007  c_w.l(libshutdown2.o)
    0x08000232   0x00000000   Code   RO         1076    .ARM.Collect$$libshutdown$$0000000A  c_w.l(libshutdown2.o)
    0x08000232   0x00000000   Code   RO         1078    .ARM.Collect$$libshutdown$$0000000C  c_w.l(libshutdown2.o)
    0x08000232   0x00000000   Code   RO         1081    .ARM.Collect$$libshutdown$$0000000F  c_w.l(libshutdown2.o)
    0x08000232   0x00000002   Code   RO         1082    .ARM.Collect$$libshutdown$$00000010  c_w.l(libshutdown2.o)
    0x08000234   0x00000000   Code   RO          793    .ARM.Collect$$rtentry$$00000000  c_w.l(__rtentry.o)
    0x08000234   0x00000000   Code   RO          886    .ARM.Collect$$rtentry$$00000002  c_w.l(__rtentry2.o)
    0x08000234   0x00000006   Code   RO          898    .ARM.Collect$$rtentry$$00000004  c_w.l(__rtentry4.o)
    0x0800023a   0x00000000   Code   RO          888    .ARM.Collect$$rtentry$$00000009  c_w.l(__rtentry2.o)
    0x0800023a   0x00000004   Code   RO          889    .ARM.Collect$$rtentry$$0000000A  c_w.l(__rtentry2.o)
    0x0800023e   0x00000000   Code   RO          891    .ARM.Collect$$rtentry$$0000000C  c_w.l(__rtentry2.o)
    0x0800023e   0x00000008   Code   RO          892    .ARM.Collect$$rtentry$$0000000D  c_w.l(__rtentry2.o)
    0x08000246   0x00000002   Code   RO         1051    .ARM.Collect$$rtexit$$00000000  c_w.l(rtexit.o)
    0x08000248   0x00000000   Code   RO         1086    .ARM.Collect$$rtexit$$00000002  c_w.l(rtexit2.o)
    0x08000248   0x00000004   Code   RO         1087    .ARM.Collect$$rtexit$$00000003  c_w.l(rtexit2.o)
    0x0800024c   0x00000006   Code   RO         1088    .ARM.Collect$$rtexit$$00000004  c_w.l(rtexit2.o)
    0x08000252   0x00000002   PAD
    0x08000254   0x000000c0   Code   RO            4    .text               led.o
    0x08000314   0x00000064   Code   RO           66    .text               swt.o
    0x08000378   0x00000040   Code   RO           96    .text               retarget.o
    0x080003b8   0x000000f8   Code   RO          130    .text               serial.o
    0x080004b0   0x0000044c   Code   RO          158    .text               main.o
    0x080008fc   0x00000380   Code   RO          234    .text               breadboard.o
    0x08000c7c   0x00000b44   Code   RO          258    .text               voltage.o
    0x080017c0   0x000000a8   Code   RO          288    .text               lcd_buffer.o
    0x08001868   0x00000458   Code   RO          309    .text               lcd_driver.o
    0x08001cc0   0x0000004c   Code   RO          344    .text               buttons.o
    0x08001d0c   0x00000908   Code   RO          371    .text               resistance.o
    0x08002614   0x00000798   Code   RO          395    .text               light.o
    0x08002dac   0x00000924   Code   RO          419    .text               current.o
    0x080036d0   0x000009b8   Code   RO          446    .text               transistor.o
    0x08004088   0x00000774   Code   RO          470    .text               capacitance.o
    0x080047fc   0x0000001c   Code   RO          497    .text               timer.o
    0x08004818   0x0000038c   Code   RO          521    .text               frequency.o
    0x08004ba4   0x00000260   Code   RO          545    .text               logic.o
    0x08004e04   0x00000040   Code   RO          569    .text               startup_stm32f407xx.o
    0x08004e44   0x00000210   Code   RO          576    .text               system_stm32f4xx.o
    0x08005054   0x00000002   Code   RO          606    .text               c_w.l(use_no_semi.o)
    0x08005056   0x0000004e   Code   RO          610    .text               c_w.l(h1_free.o)
    0x080050a4   0x000000ee   Code   RO          664    .text               c_w.l(lludivv7m.o)
    0x08005192   0x00000002   PAD
    0x08005194   0x00000018   Code   RO          670    .text               c_w.l(noretval__2printf.o)
    0x080051ac   0x00000028   Code   RO          672    .text               c_w.l(noretval__2sprintf.o)
    0x080051d4   0x00000052   Code   RO          676    .text               c_w.l(_printf_str.o)
    0x08005226   0x00000002   PAD
    0x08005228   0x00000078   Code   RO          678    .text               c_w.l(_printf_dec.o)
    0x080052a0   0x0000010e   Code   RO          688    .text               c_w.l(__printf_wp.o)
    0x080053ae   0x00000018   Code   RO          705    .text               c_w.l(strcat.o)
    0x080053c6   0x0000004e   Code   RO          707    .text               c_w.l(rt_memclr_w.o)
    0x08005414   0x00000006   Code   RO          709    .text               c_w.l(heapauxi.o)
    0x0800541a   0x00000002   PAD
    0x0800541c   0x00000008   Code   RO          801    .text               c_w.l(rt_heap_descriptor_intlibspace.o)
    0x08005424   0x00000016   Code   RO          825    .text               c_w.l(_rserrno.o)
    0x0800543a   0x000000b2   Code   RO          827    .text               c_w.l(_printf_intcommon.o)
    0x080054ec   0x0000041a   Code   RO          829    .text               c_w.l(_printf_fp_dec.o)
    0x08005906   0x00000002   PAD
    0x08005908   0x00000030   Code   RO          831    .text               c_w.l(_printf_char_common.o)
    0x08005938   0x0000000a   Code   RO          833    .text               c_w.l(_sputc.o)
    0x08005942   0x0000002c   Code   RO          835    .text               c_w.l(_printf_char.o)
    0x0800596e   0x00000002   PAD
    0x08005970   0x00000024   Code   RO          837    .text               c_w.l(_printf_char_file.o)
    0x08005994   0x00000008   Code   RO          882    .text               c_w.l(libspace.o)
    0x0800599c   0x00000008   Code   RO          905    .text               c_w.l(rt_locale_intlibspace.o)
    0x080059a4   0x00000008   Code   RO          910    .text               c_w.l(rt_errno_addr_intlibspace.o)
    0x080059ac   0x0000008a   Code   RO          922    .text               c_w.l(lludiv10.o)
    0x08005a36   0x00000002   PAD
    0x08005a38   0x00000080   Code   RO          924    .text               c_w.l(_printf_fp_infnan.o)
    0x08005ab8   0x000000dc   Code   RO          928    .text               c_w.l(bigflt0.o)
    0x08005b94   0x0000004a   Code   RO         1018    .text               c_w.l(sys_stackheap_outer.o)
    0x08005bde   0x00000012   Code   RO         1026    .text               c_w.l(exit.o)
    0x08005bf0   0x00000080   Code   RO         1036    .text               c_w.l(strcmpv7m.o)
    0x08005c70   0x0000003e   Code   RO          931    CL$$btod_d2e        c_w.l(btod.o)
    0x08005cae   0x00000046   Code   RO          933    CL$$btod_d2e_denorm_low  c_w.l(btod.o)
    0x08005cf4   0x00000060   Code   RO          932    CL$$btod_d2e_norm_op1  c_w.l(btod.o)
    0x08005d54   0x00000338   Code   RO          941    CL$$btod_div_common  c_w.l(btod.o)
    0x0800608c   0x000000c6   Code   RO          938    CL$$btod_e2e        c_w.l(btod.o)
    0x08006152   0x00000028   Code   RO          935    CL$$btod_ediv       c_w.l(btod.o)
    0x0800617a   0x00000028   Code   RO          934    CL$$btod_emul       c_w.l(btod.o)
    0x080061a2   0x00000244   Code   RO          940    CL$$btod_mult_common  c_w.l(btod.o)
    0x080063e6   0x00000030   Code   RO          865    i.__ARM_fpclassify  m_wm.l(fpclassify.o)
    0x08006416   0x00000014   Code   RO          745    i.__hardfp_fabs     m_wm.l(fabs.o)
    0x0800642a   0x00000006   PAD
    0x08006430   0x000003c4   Code   RO          751    i.__hardfp_log      m_wm.l(log.o)
    0x080067f4   0x00000004   PAD
    0x080067f8   0x00000130   Code   RO          765    i.__hardfp_log10    m_wm.l(log10.o)
    0x08006928   0x00000c50   Code   RO          777    i.__hardfp_pow      m_wm.l(pow.o)
    0x08007578   0x000000f8   Code   RO          867    i.__kernel_poly     m_wm.l(poly.o)
    0x08007670   0x00000030   Code   RO          851    i.__mathlib_dbl_divzero  m_wm.l(dunder.o)
    0x080076a0   0x00000014   Code   RO          852    i.__mathlib_dbl_infnan  m_wm.l(dunder.o)
    0x080076b4   0x00000014   Code   RO          853    i.__mathlib_dbl_infnan2  m_wm.l(dunder.o)
    0x080076c8   0x00000020   Code   RO          854    i.__mathlib_dbl_invalid  m_wm.l(dunder.o)
    0x080076e8   0x00000020   Code   RO          855    i.__mathlib_dbl_overflow  m_wm.l(dunder.o)
    0x08007708   0x00000020   Code   RO          857    i.__mathlib_dbl_underflow  m_wm.l(dunder.o)
    0x08007728   0x0000000e   Code   RO          690    i._is_digit         c_w.l(__printf_wp.o)
    0x08007736   0x00000018   Code   RO          747    i.fabs              m_wm.l(fabs.o)
    0x0800774e   0x00000010   Code   RO          753    i.log               m_wm.l(log.o)
    0x0800775e   0x0000006e   Code   RO          872    i.sqrt              m_wm.l(sqrt.o)
    0x080077cc   0x0000002c   Code   RO          954    locale$$code        c_w.l(lc_numeric_c.o)
    0x080077f8   0x00000018   Code   RO          713    x$fpl$basic         fz_wm.l(basic.o)
    0x08007810   0x00000150   Code   RO          715    x$fpl$dadd          fz_wm.l(daddsub_clz.o)
    0x08007960   0x00000010   Code   RO         1010    x$fpl$dcheck1       fz_wm.l(dcheck1.o)
    0x08007970   0x00000018   Code   RO          842    x$fpl$dcmpinf       fz_wm.l(dcmpi.o)
    0x08007988   0x000002b0   Code   RO          722    x$fpl$ddiv          fz_wm.l(ddiv.o)
    0x08007c38   0x00000078   Code   RO          725    x$fpl$deqf          fz_wm.l(deqf.o)
    0x08007cb0   0x0000005e   Code   RO          727    x$fpl$dfix          fz_wm.l(dfix.o)
    0x08007d0e   0x0000002e   Code   RO          732    x$fpl$dflt          fz_wm.l(dflt_clz.o)
    0x08007d3c   0x00000026   Code   RO          731    x$fpl$dfltu         fz_wm.l(dflt_clz.o)
    0x08007d62   0x00000002   PAD
    0x08007d64   0x00000078   Code   RO          737    x$fpl$dleqf         fz_wm.l(dleqf.o)
    0x08007ddc   0x00000154   Code   RO          739    x$fpl$dmul          fz_wm.l(dmul.o)
    0x08007f30   0x0000009c   Code   RO          844    x$fpl$dnaninf       fz_wm.l(dnaninf.o)
    0x08007fcc   0x0000000c   Code   RO          846    x$fpl$dretinf       fz_wm.l(dretinf.o)
    0x08007fd8   0x0000006c   Code   RO          741    x$fpl$drleqf        fz_wm.l(drleqf.o)
    0x08008044   0x00000016   Code   RO          716    x$fpl$drsb          fz_wm.l(daddsub_clz.o)
    0x0800805a   0x00000002   PAD
    0x0800805c   0x00000198   Code   RO         1012    x$fpl$dsqrt         fz_wm.l(dsqrt_umaal.o)
    0x080081f4   0x000001d4   Code   RO          717    x$fpl$dsub          fz_wm.l(daddsub_clz.o)
    0x080083c8   0x0000000a   Code   RO         1046    x$fpl$fpinit        fz_wm.l(fpinit.o)
    0x080083d2   0x00000004   Code   RO          743    x$fpl$printf1       fz_wm.l(printf1.o)
    0x080083d6   0x00000064   Code   RO         1048    x$fpl$retnan        fz_wm.l(retnan.o)
    0x0800843a   0x0000005c   Code   RO          848    x$fpl$scalbn        fz_wm.l(scalbn.o)
    0x08008496   0x00000030   Code   RO         1083    x$fpl$trapveneer    fz_wm.l(trapv.o)
    0x080084c6   0x00000000   Code   RO          850    x$fpl$usenofp       fz_wm.l(usenofp.o)
    0x080084c6   0x00000002   PAD
    0x080084c8   0x00000020   Data   RO            5    .constdata          led.o
    0x080084e8   0x00000020   Data   RO           67    .constdata          swt.o
    0x08008508   0x00000010   Data   RO          577    .constdata          system_stm32f4xx.o
    0x08008518   0x00000038   Data   RO          754    .constdata          m_wm.l(log.o)
    0x08008550   0x00000088   Data   RO          780    .constdata          m_wm.l(pow.o)
    0x080085d8   0x00000008   Data   RO          869    .constdata          m_wm.l(qnan.o)
    0x080085e0   0x00000094   Data   RO          929    .constdata          c_w.l(bigflt0.o)
    0x08008674   0x00000020   Data   RO         1111    Region$$Table       anon$$obj.o
    0x08008694   0x0000001c   Data   RO          953    locale$$data        c_w.l(lc_numeric_c.o)


    Execution Region RW_IRAM1 (Base: 0x20000000, Size: 0x000008b0, Max: 0x00020000, ABSOLUTE)

    Base Addr    Size         Type   Attr      Idx    E Section Name        Object

    0x20000000   0x00000004   Data   RW           97    .data               retarget.o
    0x20000004   0x00000028   Data   RW          131    .data               serial.o
    0x2000002c   0x00000004   Data   RW          159    .data               main.o
    0x20000030   0x00000009   Data   RW          311    .data               lcd_driver.o
    0x20000039   0x00000003   PAD
    0x2000003c   0x00000004   Data   RW          578    .data               system_stm32f4xx.o
    0x20000040   0x00000200   Zero   RW          289    .bss                lcd_buffer.o
    0x20000240   0x00000010   Zero   RW          310    .bss                lcd_driver.o
    0x20000250   0x00000060   Zero   RW          883    .bss                c_w.l(libspace.o)
    0x200002b0   0x00000200   Zero   RW          567    HEAP                startup_stm32f407xx.o
    0x200004b0   0x00000400   Zero   RW          566    STACK               startup_stm32f407xx.o


==============================================================================

Image component sizes


      Code (inc. data)   RO Data    RW Data    ZI Data      Debug   Object Name

       896         54          0          0          0       1514   breadboard.o
        76         10          0          0          0        651   buttons.o
      1908        286          0          0          0       1282   capacitance.o
      2340        332          0          0          0       2272   current.o
       908        158          0          0          0       1503   frequency.o
       168          4          0          0        512       2362   lcd_buffer.o
      1112         58          0          9         16      31124   lcd_driver.o
       192         20         32          0          0     196549   led.o
      1944        300          0          0          0       2570   light.o
       608        128          0          0          0        813   logic.o
      1100        100          0          4          0      31034   main.o
      2312        400          0          0          0       2182   resistance.o
        64          4          0          4          0       3205   retarget.o
       248         26          0         40          0        774   serial.o
        64         26        392          0       1536        864   startup_stm32f407xx.o
       100         18         32          0          0       1532   swt.o
       528         46         16          4          0       2003   system_stm32f4xx.o
        28          4          0          0          0        429   timer.o
      2488        282          0          0          0       2999   transistor.o
      2884        478          0          0          0       3064   voltage.o

    ----------------------------------------------------------------------
     19968       2734        504         64       2064     288726   Object Totals
         0          0         32          0          0          0   (incl. Generated)
         0          0          0          3          0          0   (incl. Padding)

    ----------------------------------------------------------------------

      Code (inc. data)   RO Data    RW Data    ZI Data      Debug   Library Member Name

         8          0          0          0          0         68   __main.o
       284          0          0          0          0        156   __printf_wp.o
         0          0          0          0          0          0   __rtentry.o
        12          0          0          0          0          0   __rtentry2.o
         6          0          0          0          0          0   __rtentry4.o
        52          8          0          0          0          0   __scatter.o
        26          0          0          0          0          0   __scatter_copy.o
        28          0          0          0          0          0   __scatter_zi.o
         6          0          0          0          0          0   _printf_c.o
        44          0          0          0          0        108   _printf_char.o
        48          6          0          0          0         96   _printf_char_common.o
        36          4          0          0          0         80   _printf_char_file.o
         6          0          0          0          0          0   _printf_d.o
       120         16          0          0          0         92   _printf_dec.o
         6          0          0          0          0          0   _printf_f.o
      1050          0          0          0          0        216   _printf_fp_dec.o
       128         16          0          0          0         84   _printf_fp_infnan.o
       178          0          0          0          0         88   _printf_intcommon.o
         0          0          0          0          0          0   _printf_percent.o
         4          0          0          0          0          0   _printf_percent_end.o
         6          0          0          0          0          0   _printf_s.o
        82          0          0          0          0         80   _printf_str.o
        22          0          0          0          0        100   _rserrno.o
        10          0          0          0          0         68   _sputc.o
       220          4        148          0          0         96   bigflt0.o
      1910        128          0          0          0        672   btod.o
        18          0          0          0          0         80   exit.o
        78          0          0          0          0         80   h1_free.o
         6          0          0          0          0        152   heapauxi.o
        44         10         28          0          0         76   lc_numeric_c.o
         2          0          0          0          0          0   libinit.o
        22          0          0          0          0          0   libinit2.o
         2          0          0          0          0          0   libshutdown.o
         2          0          0          0          0          0   libshutdown2.o
         8          4          0          0         96         68   libspace.o
       138          0          0          0          0         80   lludiv10.o
       238          0          0          0          0        100   lludivv7m.o
        24          4          0          0          0         84   noretval__2printf.o
        40          6          0          0          0         84   noretval__2sprintf.o
         8          4          0          0          0         68   rt_errno_addr_intlibspace.o
         8          4          0          0          0         68   rt_heap_descriptor_intlibspace.o
         8          4          0          0          0         68   rt_locale_intlibspace.o
        78          0          0          0          0         80   rt_memclr_w.o
         2          0          0          0          0          0   rtexit.o
        10          0          0          0          0          0   rtexit2.o
        24          0          0          0          0         68   strcat.o
       128          0          0          0          0         68   strcmpv7m.o
        74          0          0          0          0         80   sys_stackheap_outer.o
         2          0          0          0          0         68   use_no_semi.o
        24          0          0          0          0        164   basic.o
       826         16          0          0          0        492   daddsub_clz.o
        16          4          0          0          0        116   dcheck1.o
        24          0          0          0          0        116   dcmpi.o
       688        140          0          0          0        256   ddiv.o
       120          4          0          0          0        140   deqf.o
        94          4          0          0          0        140   dfix.o
        84          0          0          0          0        232   dflt_clz.o
       120          4          0          0          0        140   dleqf.o
       340         12          0          0          0        152   dmul.o
       156          4          0          0          0        140   dnaninf.o
        12          0          0          0          0        116   dretinf.o
       108          0          0          0          0        128   drleqf.o
       408         56          0          0          0        168   dsqrt_umaal.o
        10          0          0          0          0        116   fpinit.o
         4          0          0          0          0        116   printf1.o
       100          0          0          0          0        116   retnan.o
        92          0          0          0          0        116   scalbn.o
        48          0          0          0          0        116   trapv.o
         0          0          0          0          0          0   usenofp.o
       184         44          0          0          0        744   dunder.o
        44          0          0          0          0        248   fabs.o
        48          0          0          0          0        124   fpclassify.o
       980         92         56          0          0        440   log.o
       304         44          0          0          0        200   log10.o
       248          0          0          0          0        152   poly.o
      3152        296        136          0          0        352   pow.o
         0          0          8          0          0          0   qnan.o
       110          0          0          0          0        148   sqrt.o

    ----------------------------------------------------------------------
     13632        942        376          0         96       8864   Library Totals
        32          4          0          0          0          0   (incl. Padding)

    ----------------------------------------------------------------------

      Code (inc. data)   RO Data    RW Data    ZI Data      Debug   Library Name

      5256        218        176          0         96       3376   c_w.l
      3274        244          0          0          0       3080   fz_wm.l
      5070        476        200          0          0       2408   m_wm.l

    ----------------------------------------------------------------------
     13632        942        376          0         96       8864   Library Totals

    ----------------------------------------------------------------------

==============================================================================


      Code (inc. data)   RO Data    RW Data    ZI Data      Debug   

     33600       3676        880         64       2160     288918   Grand Totals
     33600       3676        880         64       2160     288918   ELF Image Totals
     33600       3676        880         64          0          0   ROM Totals

==============================================================================

    Total RO  Size (Code + RO Data)                34480 (  33.67kB)
    Total RW  Size (RW Data + ZI Data)              2224 (   2.17kB)
    Total ROM Size (Code + RO Data + RW Data)      34544 (  33.73kB)

==============================================================================

